---
source: crates/encoder/src/filters.rs
expression: build_vf(&s).unwrap()
---
scale=1280:720:force_original_aspect_ratio=increase:flags=lanczos:in_range=pc:out_range=tv:in_color_matrix=bt709:out_color_matrix=bt709,crop=1280:720,setsar=1,setparams=range=limited:color_primaries=bt709:color_trc=bt709:colorspace=bt709,format=yuv420p
