[v0]drawtext=fontfile='<FONT_DIR>/Geist-Regular.ttf':text='Step 1\: open the panel':x=120:y='80':fontcolor=0xF0F0F0FF:fontsize=32:alpha='if(lt(t,0.500),0,if(lt(t,0.800),(t-0.500)/0.300,if(lt(t,3.200),1,if(lt(t,3.500),1-(t-3.200)/0.300,0))))':enable='between(t,0.500,3.500)'[t0];[t0]drawtext=fontfile='<FONT_DIR>/Inter-Display.ttf':text='It\'s 100\% ready':x=200:y='400+if(lt(t,3.500),40,if(lt(t,3.800),40-40*(t-3.500)/0.300,if(lt(t,5.700),0,if(lt(t,6.000),-40*(t-5.700)/0.300,-40))))':fontcolor=0xFFFFFFFF:fontsize=44:alpha='if(lt(t,3.500),0,if(lt(t,3.800),(t-3.500)/0.300,if(lt(t,5.700),1,if(lt(t,6.000),1-(t-5.700)/0.300,0))))':enable='between(t,3.500,6.000)'[t1];[t1][2:v]overlay=x=300:y=240:enable='between(t,1.000,4.500)'[t2];[t2][3:v]overlay=x=400:y=220:alpha='0.5+0.5*sin(2*PI*(t-2.000)/1.000)':enable='between(t,2.000,5.000)'[t3]
--- pulse ---
0.5+0.5*sin(2*PI*(t-5.000)/1.000)